> library(ggplot2)
> data()
> setwd("C:/DEV/Rworkspaces/MIT-R_Studio/Day_20200116")
> str(diamonds)
Classes ‘tbl_df’, ‘tbl’ and 'data.frame':	53940 obs. of  10 variables:
 $ carat  : num  0.23 0.21 0.23 0.29 0.31 0.24 0.24 0.26 0.22 0.23 ...
 $ cut    : Ord.factor w/ 5 levels "Fair"<"Good"<..: 5 4 2 4 2 3 3 3 1 3 ...
 $ color  : Ord.factor w/ 7 levels "D"<"E"<"F"<"G"<..: 2 2 2 6 7 7 6 5 2 5 ...
 $ clarity: Ord.factor w/ 8 levels "I1"<"SI2"<"SI1"<..: 2 3 5 4 2 6 7 3 4 5 ...
 $ depth  : num  61.5 59.8 56.9 62.4 63.3 62.8 62.3 61.9 65.1 59.4 ...
 $ table  : num  55 61 65 58 58 57 57 55 61 61 ...
 $ price  : int  326 326 327 334 335 336 336 337 337 338 ...
 $ x      : num  3.95 3.89 4.05 4.2 4.34 3.94 3.95 4.07 3.87 4 ...
 $ y      : num  3.98 3.84 4.07 4.23 4.35 3.96 3.98 4.11 3.78 4.05 ...
 $ z      : num  2.43 2.31 2.31 2.63 2.75 2.48 2.47 2.53 2.49 2.39 ...
> diamonds$gprice=cut(diamonds$price, breaks = c(0,5000,10000,15000,20000))
> View(diamonds)
> diamonds$gprice
   [1] (0,5e+03] (0,5e+03] (0,5e+03] (0,5e+03] (0,5e+03] (0,5e+03] (0,5e+03] (0,5e+03] (0,5e+03] (0,5e+03] (0,5e+03]
  [12] (0,5e+03] (0,5e+03] (0,5e+03] (0,5e+03] (0,5e+03] (0,5e+03] (0,5e+03] (0,5e+03] (0,5e+03] (0,5e+03] (0,5e+03]
  [23] (0,5e+03] (0,5e+03] (0,5e+03] (0,5e+03] (0,5e+03] (0,5e+03] (0,5e+03] (0,5e+03] (0,5e+03] (0,5e+03] (0,5e+03]
  [34] (0,5e+03] (0,5e+03] (0,5e+03] (0,5e+03] (0,5e+03] (0,5e+03] (0,5e+03] (0,5e+03] (0,5e+03] (0,5e+03] (0,5e+03]
  [45] (0,5e+03] (0,5e+03] (0,5e+03] (0,5e+03] (0,5e+03] (0,5e+03] (0,5e+03] (0,5e+03] (0,5e+03] (0,5e+03] (0,5e+03]
  [56] (0,5e+03] (0,5e+03] (0,5e+03] (0,5e+03] (0,5e+03] (0,5e+03] (0,5e+03] (0,5e+03] (0,5e+03] (0,5e+03] (0,5e+03]
  [67] (0,5e+03] (0,5e+03] (0,5e+03] (0,5e+03] (0,5e+03] (0,5e+03] (0,5e+03] (0,5e+03] (0,5e+03] (0,5e+03] (0,5e+03]
  [78] (0,5e+03] (0,5e+03] (0,5e+03] (0,5e+03] (0,5e+03] (0,5e+03] (0,5e+03] (0,5e+03] (0,5e+03] (0,5e+03] (0,5e+03]
  [89] (0,5e+03] (0,5e+03] (0,5e+03] (0,5e+03] (0,5e+03] (0,5e+03] (0,5e+03] (0,5e+03] (0,5e+03] (0,5e+03] (0,5e+03]
 [100] (0,5e+03] (0,5e+03] (0,5e+03] (0,5e+03] (0,5e+03] (0,5e+03] (0,5e+03] (0,5e+03] (0,5e+03] (0,5e+03] (0,5e+03]
 [111] (0,5e+03] (0,5e+03] (0,5e+03] (0,5e+03] (0,5e+03] (0,5e+03] (0,5e+03] (0,5e+03] (0,5e+03] (0,5e+03] (0,5e+03]
 [122] (0,5e+03] (0,5e+03] (0,5e+03] (0,5e+03] (0,5e+03] (0,5e+03] (0,5e+03] (0,5e+03] (0,5e+03] (0,5e+03] (0,5e+03]
 [133] (0,5e+03] (0,5e+03] (0,5e+03] (0,5e+03] (0,5e+03] (0,5e+03] (0,5e+03] (0,5e+03] (0,5e+03] (0,5e+03] (0,5e+03]
 [144] (0,5e+03] (0,5e+03] (0,5e+03] (0,5e+03] (0,5e+03] (0,5e+03] (0,5e+03] (0,5e+03] (0,5e+03] (0,5e+03] (0,5e+03]
 [155] (0,5e+03] (0,5e+03] (0,5e+03] (0,5e+03] (0,5e+03] (0,5e+03] (0,5e+03] (0,5e+03] (0,5e+03] (0,5e+03] (0,5e+03]
 [166] (0,5e+03] (0,5e+03] (0,5e+03] (0,5e+03] (0,5e+03] (0,5e+03] (0,5e+03] (0,5e+03] (0,5e+03] (0,5e+03] (0,5e+03]
 [177] (0,5e+03] (0,5e+03] (0,5e+03] (0,5e+03] (0,5e+03] (0,5e+03] (0,5e+03] (0,5e+03] (0,5e+03] (0,5e+03] (0,5e+03]
 [188] (0,5e+03] (0,5e+03] (0,5e+03] (0,5e+03] (0,5e+03] (0,5e+03] (0,5e+03] (0,5e+03] (0,5e+03] (0,5e+03] (0,5e+03]
 [199] (0,5e+03] (0,5e+03] (0,5e+03] (0,5e+03] (0,5e+03] (0,5e+03] (0,5e+03] (0,5e+03] (0,5e+03] (0,5e+03] (0,5e+03]
 [210] (0,5e+03] (0,5e+03] (0,5e+03] (0,5e+03] (0,5e+03] (0,5e+03] (0,5e+03] (0,5e+03] (0,5e+03] (0,5e+03] (0,5e+03]
 [221] (0,5e+03] (0,5e+03] (0,5e+03] (0,5e+03] (0,5e+03] (0,5e+03] (0,5e+03] (0,5e+03] (0,5e+03] (0,5e+03] (0,5e+03]
 [232] (0,5e+03] (0,5e+03] (0,5e+03] (0,5e+03] (0,5e+03] (0,5e+03] (0,5e+03] (0,5e+03] (0,5e+03] (0,5e+03] (0,5e+03]
 [243] (0,5e+03] (0,5e+03] (0,5e+03] (0,5e+03] (0,5e+03] (0,5e+03] (0,5e+03] (0,5e+03] (0,5e+03] (0,5e+03] (0,5e+03]
 [254] (0,5e+03] (0,5e+03] (0,5e+03] (0,5e+03] (0,5e+03] (0,5e+03] (0,5e+03] (0,5e+03] (0,5e+03] (0,5e+03] (0,5e+03]
 [265] (0,5e+03] (0,5e+03] (0,5e+03] (0,5e+03] (0,5e+03] (0,5e+03] (0,5e+03] (0,5e+03] (0,5e+03] (0,5e+03] (0,5e+03]
 [276] (0,5e+03] (0,5e+03] (0,5e+03] (0,5e+03] (0,5e+03] (0,5e+03] (0,5e+03] (0,5e+03] (0,5e+03] (0,5e+03] (0,5e+03]
 [287] (0,5e+03] (0,5e+03] (0,5e+03] (0,5e+03] (0,5e+03] (0,5e+03] (0,5e+03] (0,5e+03] (0,5e+03] (0,5e+03] (0,5e+03]
 [298] (0,5e+03] (0,5e+03] (0,5e+03] (0,5e+03] (0,5e+03] (0,5e+03] (0,5e+03] (0,5e+03] (0,5e+03] (0,5e+03] (0,5e+03]
 [309] (0,5e+03] (0,5e+03] (0,5e+03] (0,5e+03] (0,5e+03] (0,5e+03] (0,5e+03] (0,5e+03] (0,5e+03] (0,5e+03] (0,5e+03]
 [320] (0,5e+03] (0,5e+03] (0,5e+03] (0,5e+03] (0,5e+03] (0,5e+03] (0,5e+03] (0,5e+03] (0,5e+03] (0,5e+03] (0,5e+03]
 [331] (0,5e+03] (0,5e+03] (0,5e+03] (0,5e+03] (0,5e+03] (0,5e+03] (0,5e+03] (0,5e+03] (0,5e+03] (0,5e+03] (0,5e+03]
 [342] (0,5e+03] (0,5e+03] (0,5e+03] (0,5e+03] (0,5e+03] (0,5e+03] (0,5e+03] (0,5e+03] (0,5e+03] (0,5e+03] (0,5e+03]
 [353] (0,5e+03] (0,5e+03] (0,5e+03] (0,5e+03] (0,5e+03] (0,5e+03] (0,5e+03] (0,5e+03] (0,5e+03] (0,5e+03] (0,5e+03]
 [364] (0,5e+03] (0,5e+03] (0,5e+03] (0,5e+03] (0,5e+03] (0,5e+03] (0,5e+03] (0,5e+03] (0,5e+03] (0,5e+03] (0,5e+03]
 [375] (0,5e+03] (0,5e+03] (0,5e+03] (0,5e+03] (0,5e+03] (0,5e+03] (0,5e+03] (0,5e+03] (0,5e+03] (0,5e+03] (0,5e+03]
 [386] (0,5e+03] (0,5e+03] (0,5e+03] (0,5e+03] (0,5e+03] (0,5e+03] (0,5e+03] (0,5e+03] (0,5e+03] (0,5e+03] (0,5e+03]
 [397] (0,5e+03] (0,5e+03] (0,5e+03] (0,5e+03] (0,5e+03] (0,5e+03] (0,5e+03] (0,5e+03] (0,5e+03] (0,5e+03] (0,5e+03]
 [408] (0,5e+03] (0,5e+03] (0,5e+03] (0,5e+03] (0,5e+03] (0,5e+03] (0,5e+03] (0,5e+03] (0,5e+03] (0,5e+03] (0,5e+03]
 [419] (0,5e+03] (0,5e+03] (0,5e+03] (0,5e+03] (0,5e+03] (0,5e+03] (0,5e+03] (0,5e+03] (0,5e+03] (0,5e+03] (0,5e+03]
 [430] (0,5e+03] (0,5e+03] (0,5e+03] (0,5e+03] (0,5e+03] (0,5e+03] (0,5e+03] (0,5e+03] (0,5e+03] (0,5e+03] (0,5e+03]
 [441] (0,5e+03] (0,5e+03] (0,5e+03] (0,5e+03] (0,5e+03] (0,5e+03] (0,5e+03] (0,5e+03] (0,5e+03] (0,5e+03] (0,5e+03]
 [452] (0,5e+03] (0,5e+03] (0,5e+03] (0,5e+03] (0,5e+03] (0,5e+03] (0,5e+03] (0,5e+03] (0,5e+03] (0,5e+03] (0,5e+03]
 [463] (0,5e+03] (0,5e+03] (0,5e+03] (0,5e+03] (0,5e+03] (0,5e+03] (0,5e+03] (0,5e+03] (0,5e+03] (0,5e+03] (0,5e+03]
 [474] (0,5e+03] (0,5e+03] (0,5e+03] (0,5e+03] (0,5e+03] (0,5e+03] (0,5e+03] (0,5e+03] (0,5e+03] (0,5e+03] (0,5e+03]
 [485] (0,5e+03] (0,5e+03] (0,5e+03] (0,5e+03] (0,5e+03] (0,5e+03] (0,5e+03] (0,5e+03] (0,5e+03] (0,5e+03] (0,5e+03]
 [496] (0,5e+03] (0,5e+03] (0,5e+03] (0,5e+03] (0,5e+03] (0,5e+03] (0,5e+03] (0,5e+03] (0,5e+03] (0,5e+03] (0,5e+03]
 [507] (0,5e+03] (0,5e+03] (0,5e+03] (0,5e+03] (0,5e+03] (0,5e+03] (0,5e+03] (0,5e+03] (0,5e+03] (0,5e+03] (0,5e+03]
 [518] (0,5e+03] (0,5e+03] (0,5e+03] (0,5e+03] (0,5e+03] (0,5e+03] (0,5e+03] (0,5e+03] (0,5e+03] (0,5e+03] (0,5e+03]
 [529] (0,5e+03] (0,5e+03] (0,5e+03] (0,5e+03] (0,5e+03] (0,5e+03] (0,5e+03] (0,5e+03] (0,5e+03] (0,5e+03] (0,5e+03]
 [540] (0,5e+03] (0,5e+03] (0,5e+03] (0,5e+03] (0,5e+03] (0,5e+03] (0,5e+03] (0,5e+03] (0,5e+03] (0,5e+03] (0,5e+03]
 [551] (0,5e+03] (0,5e+03] (0,5e+03] (0,5e+03] (0,5e+03] (0,5e+03] (0,5e+03] (0,5e+03] (0,5e+03] (0,5e+03] (0,5e+03]
 [562] (0,5e+03] (0,5e+03] (0,5e+03] (0,5e+03] (0,5e+03] (0,5e+03] (0,5e+03] (0,5e+03] (0,5e+03] (0,5e+03] (0,5e+03]
 [573] (0,5e+03] (0,5e+03] (0,5e+03] (0,5e+03] (0,5e+03] (0,5e+03] (0,5e+03] (0,5e+03] (0,5e+03] (0,5e+03] (0,5e+03]
 [584] (0,5e+03] (0,5e+03] (0,5e+03] (0,5e+03] (0,5e+03] (0,5e+03] (0,5e+03] (0,5e+03] (0,5e+03] (0,5e+03] (0,5e+03]
 [595] (0,5e+03] (0,5e+03] (0,5e+03] (0,5e+03] (0,5e+03] (0,5e+03] (0,5e+03] (0,5e+03] (0,5e+03] (0,5e+03] (0,5e+03]
 [606] (0,5e+03] (0,5e+03] (0,5e+03] (0,5e+03] (0,5e+03] (0,5e+03] (0,5e+03] (0,5e+03] (0,5e+03] (0,5e+03] (0,5e+03]
 [617] (0,5e+03] (0,5e+03] (0,5e+03] (0,5e+03] (0,5e+03] (0,5e+03] (0,5e+03] (0,5e+03] (0,5e+03] (0,5e+03] (0,5e+03]
 [628] (0,5e+03] (0,5e+03] (0,5e+03] (0,5e+03] (0,5e+03] (0,5e+03] (0,5e+03] (0,5e+03] (0,5e+03] (0,5e+03] (0,5e+03]
 [639] (0,5e+03] (0,5e+03] (0,5e+03] (0,5e+03] (0,5e+03] (0,5e+03] (0,5e+03] (0,5e+03] (0,5e+03] (0,5e+03] (0,5e+03]
 [650] (0,5e+03] (0,5e+03] (0,5e+03] (0,5e+03] (0,5e+03] (0,5e+03] (0,5e+03] (0,5e+03] (0,5e+03] (0,5e+03] (0,5e+03]
 [661] (0,5e+03] (0,5e+03] (0,5e+03] (0,5e+03] (0,5e+03] (0,5e+03] (0,5e+03] (0,5e+03] (0,5e+03] (0,5e+03] (0,5e+03]
 [672] (0,5e+03] (0,5e+03] (0,5e+03] (0,5e+03] (0,5e+03] (0,5e+03] (0,5e+03] (0,5e+03] (0,5e+03] (0,5e+03] (0,5e+03]
 [683] (0,5e+03] (0,5e+03] (0,5e+03] (0,5e+03] (0,5e+03] (0,5e+03] (0,5e+03] (0,5e+03] (0,5e+03] (0,5e+03] (0,5e+03]
 [694] (0,5e+03] (0,5e+03] (0,5e+03] (0,5e+03] (0,5e+03] (0,5e+03] (0,5e+03] (0,5e+03] (0,5e+03] (0,5e+03] (0,5e+03]
 [705] (0,5e+03] (0,5e+03] (0,5e+03] (0,5e+03] (0,5e+03] (0,5e+03] (0,5e+03] (0,5e+03] (0,5e+03] (0,5e+03] (0,5e+03]
 [716] (0,5e+03] (0,5e+03] (0,5e+03] (0,5e+03] (0,5e+03] (0,5e+03] (0,5e+03] (0,5e+03] (0,5e+03] (0,5e+03] (0,5e+03]
 [727] (0,5e+03] (0,5e+03] (0,5e+03] (0,5e+03] (0,5e+03] (0,5e+03] (0,5e+03] (0,5e+03] (0,5e+03] (0,5e+03] (0,5e+03]
 [738] (0,5e+03] (0,5e+03] (0,5e+03] (0,5e+03] (0,5e+03] (0,5e+03] (0,5e+03] (0,5e+03] (0,5e+03] (0,5e+03] (0,5e+03]
 [749] (0,5e+03] (0,5e+03] (0,5e+03] (0,5e+03] (0,5e+03] (0,5e+03] (0,5e+03] (0,5e+03] (0,5e+03] (0,5e+03] (0,5e+03]
 [760] (0,5e+03] (0,5e+03] (0,5e+03] (0,5e+03] (0,5e+03] (0,5e+03] (0,5e+03] (0,5e+03] (0,5e+03] (0,5e+03] (0,5e+03]
 [771] (0,5e+03] (0,5e+03] (0,5e+03] (0,5e+03] (0,5e+03] (0,5e+03] (0,5e+03] (0,5e+03] (0,5e+03] (0,5e+03] (0,5e+03]
 [782] (0,5e+03] (0,5e+03] (0,5e+03] (0,5e+03] (0,5e+03] (0,5e+03] (0,5e+03] (0,5e+03] (0,5e+03] (0,5e+03] (0,5e+03]
 [793] (0,5e+03] (0,5e+03] (0,5e+03] (0,5e+03] (0,5e+03] (0,5e+03] (0,5e+03] (0,5e+03] (0,5e+03] (0,5e+03] (0,5e+03]
 [804] (0,5e+03] (0,5e+03] (0,5e+03] (0,5e+03] (0,5e+03] (0,5e+03] (0,5e+03] (0,5e+03] (0,5e+03] (0,5e+03] (0,5e+03]
 [815] (0,5e+03] (0,5e+03] (0,5e+03] (0,5e+03] (0,5e+03] (0,5e+03] (0,5e+03] (0,5e+03] (0,5e+03] (0,5e+03] (0,5e+03]
 [826] (0,5e+03] (0,5e+03] (0,5e+03] (0,5e+03] (0,5e+03] (0,5e+03] (0,5e+03] (0,5e+03] (0,5e+03] (0,5e+03] (0,5e+03]
 [837] (0,5e+03] (0,5e+03] (0,5e+03] (0,5e+03] (0,5e+03] (0,5e+03] (0,5e+03] (0,5e+03] (0,5e+03] (0,5e+03] (0,5e+03]
 [848] (0,5e+03] (0,5e+03] (0,5e+03] (0,5e+03] (0,5e+03] (0,5e+03] (0,5e+03] (0,5e+03] (0,5e+03] (0,5e+03] (0,5e+03]
 [859] (0,5e+03] (0,5e+03] (0,5e+03] (0,5e+03] (0,5e+03] (0,5e+03] (0,5e+03] (0,5e+03] (0,5e+03] (0,5e+03] (0,5e+03]
 [870] (0,5e+03] (0,5e+03] (0,5e+03] (0,5e+03] (0,5e+03] (0,5e+03] (0,5e+03] (0,5e+03] (0,5e+03] (0,5e+03] (0,5e+03]
 [881] (0,5e+03] (0,5e+03] (0,5e+03] (0,5e+03] (0,5e+03] (0,5e+03] (0,5e+03] (0,5e+03] (0,5e+03] (0,5e+03] (0,5e+03]
 [892] (0,5e+03] (0,5e+03] (0,5e+03] (0,5e+03] (0,5e+03] (0,5e+03] (0,5e+03] (0,5e+03] (0,5e+03] (0,5e+03] (0,5e+03]
 [903] (0,5e+03] (0,5e+03] (0,5e+03] (0,5e+03] (0,5e+03] (0,5e+03] (0,5e+03] (0,5e+03] (0,5e+03] (0,5e+03] (0,5e+03]
 [914] (0,5e+03] (0,5e+03] (0,5e+03] (0,5e+03] (0,5e+03] (0,5e+03] (0,5e+03] (0,5e+03] (0,5e+03] (0,5e+03] (0,5e+03]
 [925] (0,5e+03] (0,5e+03] (0,5e+03] (0,5e+03] (0,5e+03] (0,5e+03] (0,5e+03] (0,5e+03] (0,5e+03] (0,5e+03] (0,5e+03]
 [936] (0,5e+03] (0,5e+03] (0,5e+03] (0,5e+03] (0,5e+03] (0,5e+03] (0,5e+03] (0,5e+03] (0,5e+03] (0,5e+03] (0,5e+03]
 [947] (0,5e+03] (0,5e+03] (0,5e+03] (0,5e+03] (0,5e+03] (0,5e+03] (0,5e+03] (0,5e+03] (0,5e+03] (0,5e+03] (0,5e+03]
 [958] (0,5e+03] (0,5e+03] (0,5e+03] (0,5e+03] (0,5e+03] (0,5e+03] (0,5e+03] (0,5e+03] (0,5e+03] (0,5e+03] (0,5e+03]
 [969] (0,5e+03] (0,5e+03] (0,5e+03] (0,5e+03] (0,5e+03] (0,5e+03] (0,5e+03] (0,5e+03] (0,5e+03] (0,5e+03] (0,5e+03]
 [980] (0,5e+03] (0,5e+03] (0,5e+03] (0,5e+03] (0,5e+03] (0,5e+03] (0,5e+03] (0,5e+03] (0,5e+03] (0,5e+03] (0,5e+03]
 [991] (0,5e+03] (0,5e+03] (0,5e+03] (0,5e+03] (0,5e+03] (0,5e+03] (0,5e+03] (0,5e+03] (0,5e+03] (0,5e+03]
 [ reached getOption("max.print") -- omitted 52940 entries ]
Levels: (0,5e+03] (5e+03,1e+04] (1e+04,1.5e+04] (1.5e+04,2e+04]
> table(diamonds$price)

 326  327  334  335  336  337  338  339  340  342  344  345  348  351  352  353  354  355  357  358  360  361  362  363 
   2    1    1    1    2    2    1    1    1    1    1    2    1    4    1    3    1    1    8    1    2    4    4    5 
 364  365  366  367  368  369  370  371  372  373  374  375  376  377  378  379  380  381  382  383  384  385  386  388 
   3    1    1   17    6    3    1    3    1   11    5    2    2    3    8    3    4    1    7    3    6    1    7    5 
 389  390  391  393  394  395  396  397  399  400  401  402  403  404  405  406  407  408  409  410  411  412  413  414 
   5    1    9   13   48    3    2    6    5    4    7   20   10    7    7    1   12   24    3    3    3    3   11    5 
 415  416  417  418  419  420  421  422  423  424  425  426  427  428  429  430  431  432  433  434  435  436  438  439 
   2    3    9    9   26    6   60   18    4    3    5    6    9    2   12    8    9   44    4   20   32   19   14   11 
 440  441  442  443  444  445  446  447  448  449  450  451  452  453  454  455  456  457  458  459  460  461  462  463 
   3    4   10    2    3   14   15   51    8   49   32    5   24   20   12    2    8   11    7   16    6   20   46   16 
 464  465  466  467  468  469  470  471  472  473  474  475  476  477  478  479  480  481  482  483  484  485  486  487 
  13   18    4    5   14    4   26   15   16   52    3   24    7   52   27    3   15    4    6    3    8   46   16   31 
 488  489  490  491  492  493  494  495  496  497  498  499  500  501  502  503  504  505  506  507  508  509  510  511 
   5   50   17   54   36    8    3    6    5    9   14   24   20    5    7    7   41   90   45   33    7    5    1    7 
 512  513  514  515  516  517  518  520  521  522  523  524  525  526  527  528  529  530  531  532  533  534  535  536 
   7    8    6   13   19    8   12    3   31   19   39   29   24  101    6    3    8   62    5   13   21    6    6   19 
 537  538  539  540  541  542  543  544  545  546  547  548  549  550  551  552  553  554  555  556  557  558  559  560 
  47    8   11   70   17    7    1  120   26    1   10   27    2   11    9  113    6   34   11   14   21   32   18    6 
 561  562  563  564  565  566  567  568  569  570  571  572  573  574  575  576  577  578  579  580  581  582  583  584 
  91   10    4   13   19   17   17   25    5   10   66   15   27   51   33   50   13    4   78   14   16    5   39   10 
 585  586  587  588  589  590  591  592  593  594  595  596  597  598  599  600  601  602  603  604  605  606  607  608 
   5   27   14    5   60   12   23    6   49   12    7  107   24   11   28   27   14   15   28    7  132   12   19   74 
 609  610  611  612  613  614  615  616  617  618  619  620  621  622  623  624  625  626  627  628  629  630  631  632 
  11   12    9   67   14   29    7   18    7    6   16   26   17   36    3   22  126   37   15   64   13   32   54    5 
 633  634  635  636  637  638  639  640  641  642  643  644  645  646  647  648  649  650  651  652  653  654  655  656 
  37    1   10    8    8   24   11   18   21   33    5   26  104   22   19   65   19   26   18   15   11    8   20    5 
 657  658  659  660  661  662  663  664  665  666  667  668  669  670  671  672  673  674  675  676  677  678  679  680 
  14   86    7   23    9   14   36   14   36  114   18   30   23   20   15   32   31    6   99    7    8   20   11   71 
 681  682  683  684  685  686  687  688  689  690  691  692  693  694  695  696  697  698  699  700  701  702  703  704 
  22   19   46   91    9   26   58    8   42    4    6   21   15   39   20   19    4  121    6   32    6   70   17   14 
 705  706  707  708  709  710  711  712  713  714  715  716  717  718  719  720  721  722  723  724  725  726  727  728 
  38   55   65   16   74   76    9    5   16    9   10   31   12   16   22  107   13   21   43   10   23   24   17    8 
 729  730  731  732  733  734  735  736  737  738  739  740  741  742  743  744  745  746  747  748  749  750  751  752 
  23   64   17   59   12   72   12   11   52   19   19   21   16   22   86   11   28   34    8   13   26    7    7   39 
 753  754  755  756  757  758  759  760  761  762  763  764  765  766  767  768  769  770  771  772  773  774  775  776 
  15   19   45   66    9   49   12   23   19    3   10   45   95   36   26   12   20   21   11   42   39   14   31  124 
 777  778  779  780  781  782  783  784  785  786  787  788  789  790  791  792  793  794  795  796  797  798  799  800 
  12   21   15   25   33    5    6   16    1   15   34   28  121   25   37   27    5   16   16   10    3   34   18   21 
 801  802  803  804  805  806  807  808  809  810  811  812  813  814  815  816  817  818  819  820  821  822  823  824 
  12  127   40   13   31    7   25    6    8   59   23   15   11   75   15   63    8   16   14    9   16    3    6    8 
 825  826  827  828  829  830  831  832  833  834  835  836  837  838  839  840  841  842  843  844  845  846  847  848 
  17   13   84  125   36   21    3   11   32   10   13    4   13   40   11   30    8   50    7   98    4   13   30   11 
 849  850  851  852  853  854  855  856  857  858  859  860  861  862  863  864  865  866  867  868  869  870  871  872 
  10   16   31   29   22   85   42    3   13   17    7    3    6   20   86   17   13   13   21   41    5    9   25   60 
 873  874  875  876  877  878  879  880  881  882  883  884  885  886  887  888  889  890  891  892  893  894  895  896 
  27   21   10   51   25   75   12   35    6   43    7   16    7   54    6    5   12   11   57    7   14   10   38    8 
 897  898  899  900  901  902  903  904  905  906  907  908  909  910  911  912  913  914  915  916  917  918  919  920 
   6   44   28   62   14    6    9   25   23   49   51    2    7   11   69   35    7   30    8    6   26   41   25    9 
 921  922  923  924  925  926  927  928  929  930  931  932  933  934  935  936  937  938  939  940  941  942  943  944 
  48    1   24   31    8   31    5   38   17   10   18   18   18    2   19   55    1   10   13    7   13   79   25    7 
 945  946  947  948  949  950  951  952  953  954  955  956  957  958  959  960  961  962  963  964  965  966  967  968 
  80   11   17   13   22    7   12   14   11   29   12   64   33   28   15    8   34    4   12   12   32    4   16   17 
 969  970  971  972  973  974  975  976  977  978  979  980  981  982  983  984  985  986  987  988  989  990  991  992 
  45   13   15   47    7   23   26    5   14   12   20    7   10   56   23   87    8    4   12   37    3   46    5   29 
 993  994  995  996  997  998  999 1000 1001 1002 1003 1004 1005 1006 1007 1008 1009 1010 1011 1012 1013 1014 1015 1016 
   9   12   27    5   13   13   19   25   11   38   14   10    6    9   54   33   16   15   10    7   98   19   24   23 
1017 1018 1019 1020 1021 1022 1023 1024 1025 1026 1027 1028 1029 1030 1031 1032 1033 1034 1035 1036 1037 1038 1039 1040 
  15   19    5   32   13    2    8   40    3   21    5   11    4   12   40    2   38    7   27    5    6    7    5   36 
1041 1042 1043 1044 1045 1046 1047 1048 1049 1050 1051 1052 1053 1054 1055 1056 1057 1058 1059 1060 1061 1062 1063 1064 
  35    9   19   18    1   61    5   12    8   48    5   32   34    6    8   40    9    8   17    9   60    4   38   14 
1065 1066 1067 1068 1069 1070 1071 1072 1073 1074 1075 1076 1077 1078 1079 1080 1081 1082 1083 1084 1085 1086 1087 1088 
   8   11   14   14   33    5   15    6   26   17    5   59   11    7   36   65   12   10    3   20    4    3   34   22 
1089 1090 1091 1092 1093 1094 1095 1096 1097 1098 1099 1100 1101 1102 1103 1104 1105 1106 1107 1108 1109 1110 1111 1112 
  10   13    5   10    5   38   13   10   24   10    4   15    7    6   33    7   19    8   43    3    9    8    9   13 
1113 1114 1115 1116 1117 1118 1119 1120 1121 1122 1123 1124 1125 1126 1127 1128 1129 1130 1131 1132 1133 1134 1135 1136 
  15   39   30   25   11    2    7    7    9   14   19   13   45    3    6    6   26    9   10   11   17   14    5    5 
1137 1138 1139 1140 1141 1142 1143 1144 1145 1146 1147 1148 1149 1150 1151 1152 1153 1154 1155 1156 1157 1158 1159 1160 
   1   11    3   26   12   15    6    4    8    4    8   11    3    4   21    6   36   23   19    5    5   14    4   10 
1161 1162 1163 1164 1165 1166 1167 1168 1169 1170 1171 1172 1173 1174 1175 1176 1177 1178 1179 1180 1181 1182 1183 1184 
   7    4   26    3    1    9    9   13   11   21    4    9   15    7   13   17    7    7   30   10   22    2    6    3 
1185 1186 1187 1188 1189 1190 1191 1192 1193 1194 1195 1196 1197 1198 1199 1200 1201 1202 1203 1204 1205 1206 1207 1208 
   5    7   24    8    3    8    4   24   10    3   10   13   24    1    5   27    2    7    4    3   10    7   23    8 
1209 1210 1211 1212 1213 1214 1215 1216 1217 1218 1219 1220 1221 1222 1223 1224 1225 1226 1227 1228 1229 1230 1231 1232 
   6    8    8    8    7   18    3    9    4    7    9   12   15    2    8    4    4   10   12    8   18   15    4   17 
1233 1234 1235 1236 1237 1238 1239 1240 1241 1242 1243 1244 1245 1246 1247 1248 1249 1250 1251 1252 1253 1254 1255 1256 
   5    6   44    4   12   26   15   29    6    6   35   14   11    8    8    5    7   28    5    3    7    6   12    1 
1257 1258 1259 1260 1261 1262 1263 1264 1265 1266 1267 1268 1269 1270 1271 1272 1273 1274 1276 1277 1278 1279 1280 1281 
  22    4   12    5   11   12   26   20   11    8   12   16    4   10    7    9   15   13    8    1    2   19    8    4 
1282 1283 1284 1286 1287 1289 1290 1291 1292 1293 1294 1295 1296 1297 1298 1299 1300 1301 1302 1303 1304 1305 1306 1307 
   8    1   10   29    8   19    8    6   15    6   17   26    1    6    5    6    7    3    2    6   12    5    7    6 
1308 1309 1310 1311 1312 1313 1314 1315 1316 1317 1318 1319 1320 1321 1322 1323 1324 1325 1326 1327 1328 1329 1330 1331 
   9    2    5    6   10    3   13    5   22    4   11    6   10    4    6   31    5    2   13   12    2    4    9   11 
1332 1333 1334 1335 1336 1337 1338 1339 1340 1341 1342 1343 1344 1345 1346 1348 
  14   20    9    2    5   11   15    1   13    5    4   26    1    6    7    7 
 [ reached getOption("max.print") -- omitted 10602 entries ]
> prop.table(table(diamonds$gprice))*100

      (0,5e+03]   (5e+03,1e+04] (1e+04,1.5e+04] (1.5e+04,2e+04] 
      72.721542       17.597330        6.612903        3.068224 
> hist(diamonds$price)
> hist(diamonds$gpprice)
Error in hist.default(diamonds$gpprice) : 'x'는 반드시 숫자이어야 합니다
추가정보: 경고메시지(들): 
Unknown or uninitialised column: 'gpprice'. 
> hist(diamonds$price,breaks=c(0,5000,10000,15000,20000))
> hist(diamonds$price,breaks=10
+ )
> ?hist
> boxplot(diamonds$price)
> boxplot(diamonds$price,range=3)
> capture.output()
character(0)
> mean(diamonds$price)
[1] 3932.8
> index=which.max(table(diamonds$price))
> table(diamonds$price)

 326  327  334  335  336  337  338  339  340  342  344  345  348  351  352  353  354  355  357  358  360  361  362  363 
   2    1    1    1    2    2    1    1    1    1    1    2    1    4    1    3    1    1    8    1    2    4    4    5 
 364  365  366  367  368  369  370  371  372  373  374  375  376  377  378  379  380  381  382  383  384  385  386  388 
   3    1    1   17    6    3    1    3    1   11    5    2    2    3    8    3    4    1    7    3    6    1    7    5 
 389  390  391  393  394  395  396  397  399  400  401  402  403  404  405  406  407  408  409  410  411  412  413  414 
   5    1    9   13   48    3    2    6    5    4    7   20   10    7    7    1   12   24    3    3    3    3   11    5 
 415  416  417  418  419  420  421  422  423  424  425  426  427  428  429  430  431  432  433  434  435  436  438  439 
   2    3    9    9   26    6   60   18    4    3    5    6    9    2   12    8    9   44    4   20   32   19   14   11 
 440  441  442  443  444  445  446  447  448  449  450  451  452  453  454  455  456  457  458  459  460  461  462  463 
   3    4   10    2    3   14   15   51    8   49   32    5   24   20   12    2    8   11    7   16    6   20   46   16 
 464  465  466  467  468  469  470  471  472  473  474  475  476  477  478  479  480  481  482  483  484  485  486  487 
  13   18    4    5   14    4   26   15   16   52    3   24    7   52   27    3   15    4    6    3    8   46   16   31 
 488  489  490  491  492  493  494  495  496  497  498  499  500  501  502  503  504  505  506  507  508  509  510  511 
   5   50   17   54   36    8    3    6    5    9   14   24   20    5    7    7   41   90   45   33    7    5    1    7 
 512  513  514  515  516  517  518  520  521  522  523  524  525  526  527  528  529  530  531  532  533  534  535  536 
   7    8    6   13   19    8   12    3   31   19   39   29   24  101    6    3    8   62    5   13   21    6    6   19 
 537  538  539  540  541  542  543  544  545  546  547  548  549  550  551  552  553  554  555  556  557  558  559  560 
  47    8   11   70   17    7    1  120   26    1   10   27    2   11    9  113    6   34   11   14   21   32   18    6 
 561  562  563  564  565  566  567  568  569  570  571  572  573  574  575  576  577  578  579  580  581  582  583  584 
  91   10    4   13   19   17   17   25    5   10   66   15   27   51   33   50   13    4   78   14   16    5   39   10 
 585  586  587  588  589  590  591  592  593  594  595  596  597  598  599  600  601  602  603  604  605  606  607  608 
   5   27   14    5   60   12   23    6   49   12    7  107   24   11   28   27   14   15   28    7  132   12   19   74 
 609  610  611  612  613  614  615  616  617  618  619  620  621  622  623  624  625  626  627  628  629  630  631  632 
  11   12    9   67   14   29    7   18    7    6   16   26   17   36    3   22  126   37   15   64   13   32   54    5 
 633  634  635  636  637  638  639  640  641  642  643  644  645  646  647  648  649  650  651  652  653  654  655  656 
  37    1   10    8    8   24   11   18   21   33    5   26  104   22   19   65   19   26   18   15   11    8   20    5 
 657  658  659  660  661  662  663  664  665  666  667  668  669  670  671  672  673  674  675  676  677  678  679  680 
  14   86    7   23    9   14   36   14   36  114   18   30   23   20   15   32   31    6   99    7    8   20   11   71 
 681  682  683  684  685  686  687  688  689  690  691  692  693  694  695  696  697  698  699  700  701  702  703  704 
  22   19   46   91    9   26   58    8   42    4    6   21   15   39   20   19    4  121    6   32    6   70   17   14 
 705  706  707  708  709  710  711  712  713  714  715  716  717  718  719  720  721  722  723  724  725  726  727  728 
  38   55   65   16   74   76    9    5   16    9   10   31   12   16   22  107   13   21   43   10   23   24   17    8 
 729  730  731  732  733  734  735  736  737  738  739  740  741  742  743  744  745  746  747  748  749  750  751  752 
  23   64   17   59   12   72   12   11   52   19   19   21   16   22   86   11   28   34    8   13   26    7    7   39 
 753  754  755  756  757  758  759  760  761  762  763  764  765  766  767  768  769  770  771  772  773  774  775  776 
  15   19   45   66    9   49   12   23   19    3   10   45   95   36   26   12   20   21   11   42   39   14   31  124 
 777  778  779  780  781  782  783  784  785  786  787  788  789  790  791  792  793  794  795  796  797  798  799  800 
  12   21   15   25   33    5    6   16    1   15   34   28  121   25   37   27    5   16   16   10    3   34   18   21 
 801  802  803  804  805  806  807  808  809  810  811  812  813  814  815  816  817  818  819  820  821  822  823  824 
  12  127   40   13   31    7   25    6    8   59   23   15   11   75   15   63    8   16   14    9   16    3    6    8 
 825  826  827  828  829  830  831  832  833  834  835  836  837  838  839  840  841  842  843  844  845  846  847  848 
  17   13   84  125   36   21    3   11   32   10   13    4   13   40   11   30    8   50    7   98    4   13   30   11 
 849  850  851  852  853  854  855  856  857  858  859  860  861  862  863  864  865  866  867  868  869  870  871  872 
  10   16   31   29   22   85   42    3   13   17    7    3    6   20   86   17   13   13   21   41    5    9   25   60 
 873  874  875  876  877  878  879  880  881  882  883  884  885  886  887  888  889  890  891  892  893  894  895  896 
  27   21   10   51   25   75   12   35    6   43    7   16    7   54    6    5   12   11   57    7   14   10   38    8 
 897  898  899  900  901  902  903  904  905  906  907  908  909  910  911  912  913  914  915  916  917  918  919  920 
   6   44   28   62   14    6    9   25   23   49   51    2    7   11   69   35    7   30    8    6   26   41   25    9 
 921  922  923  924  925  926  927  928  929  930  931  932  933  934  935  936  937  938  939  940  941  942  943  944 
  48    1   24   31    8   31    5   38   17   10   18   18   18    2   19   55    1   10   13    7   13   79   25    7 
 945  946  947  948  949  950  951  952  953  954  955  956  957  958  959  960  961  962  963  964  965  966  967  968 
  80   11   17   13   22    7   12   14   11   29   12   64   33   28   15    8   34    4   12   12   32    4   16   17 
 969  970  971  972  973  974  975  976  977  978  979  980  981  982  983  984  985  986  987  988  989  990  991  992 
  45   13   15   47    7   23   26    5   14   12   20    7   10   56   23   87    8    4   12   37    3   46    5   29 
 993  994  995  996  997  998  999 1000 1001 1002 1003 1004 1005 1006 1007 1008 1009 1010 1011 1012 1013 1014 1015 1016 
   9   12   27    5   13   13   19   25   11   38   14   10    6    9   54   33   16   15   10    7   98   19   24   23 
1017 1018 1019 1020 1021 1022 1023 1024 1025 1026 1027 1028 1029 1030 1031 1032 1033 1034 1035 1036 1037 1038 1039 1040 
  15   19    5   32   13    2    8   40    3   21    5   11    4   12   40    2   38    7   27    5    6    7    5   36 
1041 1042 1043 1044 1045 1046 1047 1048 1049 1050 1051 1052 1053 1054 1055 1056 1057 1058 1059 1060 1061 1062 1063 1064 
  35    9   19   18    1   61    5   12    8   48    5   32   34    6    8   40    9    8   17    9   60    4   38   14 
1065 1066 1067 1068 1069 1070 1071 1072 1073 1074 1075 1076 1077 1078 1079 1080 1081 1082 1083 1084 1085 1086 1087 1088 
   8   11   14   14   33    5   15    6   26   17    5   59   11    7   36   65   12   10    3   20    4    3   34   22 
1089 1090 1091 1092 1093 1094 1095 1096 1097 1098 1099 1100 1101 1102 1103 1104 1105 1106 1107 1108 1109 1110 1111 1112 
  10   13    5   10    5   38   13   10   24   10    4   15    7    6   33    7   19    8   43    3    9    8    9   13 
1113 1114 1115 1116 1117 1118 1119 1120 1121 1122 1123 1124 1125 1126 1127 1128 1129 1130 1131 1132 1133 1134 1135 1136 
  15   39   30   25   11    2    7    7    9   14   19   13   45    3    6    6   26    9   10   11   17   14    5    5 
1137 1138 1139 1140 1141 1142 1143 1144 1145 1146 1147 1148 1149 1150 1151 1152 1153 1154 1155 1156 1157 1158 1159 1160 
   1   11    3   26   12   15    6    4    8    4    8   11    3    4   21    6   36   23   19    5    5   14    4   10 
1161 1162 1163 1164 1165 1166 1167 1168 1169 1170 1171 1172 1173 1174 1175 1176 1177 1178 1179 1180 1181 1182 1183 1184 
   7    4   26    3    1    9    9   13   11   21    4    9   15    7   13   17    7    7   30   10   22    2    6    3 
1185 1186 1187 1188 1189 1190 1191 1192 1193 1194 1195 1196 1197 1198 1199 1200 1201 1202 1203 1204 1205 1206 1207 1208 
   5    7   24    8    3    8    4   24   10    3   10   13   24    1    5   27    2    7    4    3   10    7   23    8 
1209 1210 1211 1212 1213 1214 1215 1216 1217 1218 1219 1220 1221 1222 1223 1224 1225 1226 1227 1228 1229 1230 1231 1232 
   6    8    8    8    7   18    3    9    4    7    9   12   15    2    8    4    4   10   12    8   18   15    4   17 
1233 1234 1235 1236 1237 1238 1239 1240 1241 1242 1243 1244 1245 1246 1247 1248 1249 1250 1251 1252 1253 1254 1255 1256 
   5    6   44    4   12   26   15   29    6    6   35   14   11    8    8    5    7   28    5    3    7    6   12    1 
1257 1258 1259 1260 1261 1262 1263 1264 1265 1266 1267 1268 1269 1270 1271 1272 1273 1274 1276 1277 1278 1279 1280 1281 
  22    4   12    5   11   12   26   20   11    8   12   16    4   10    7    9   15   13    8    1    2   19    8    4 
1282 1283 1284 1286 1287 1289 1290 1291 1292 1293 1294 1295 1296 1297 1298 1299 1300 1301 1302 1303 1304 1305 1306 1307 
   8    1   10   29    8   19    8    6   15    6   17   26    1    6    5    6    7    3    2    6   12    5    7    6 
1308 1309 1310 1311 1312 1313 1314 1315 1316 1317 1318 1319 1320 1321 1322 1323 1324 1325 1326 1327 1328 1329 1330 1331 
   9    2    5    6   10    3   13    5   22    4   11    6   10    4    6   31    5    2   13   12    2    4    9   11 
1332 1333 1334 1335 1336 1337 1338 1339 1340 1341 1342 1343 1344 1345 1346 1348 
  14   20    9    2    5   11   15    1   13    5    4   26    1    6    7    7 
 [ reached getOption("max.print") -- omitted 10602 entries ]
> table(diamonds%price)[index]
에러: 예상하지 못한 입력입니다. in "table(diamonds%price)[index]"
> table(diamonds$price)[index]
605 
132 
> library(prettyR)
> Mode(diamonds$price)
[1] "605"
> sd(diamonds$price)
[1] 3989.44
> var(diamonds$price)
[1] 15915629
> summary(diamonds$price)
   Min. 1st Qu.  Median    Mean 3rd Qu.    Max. 
    326     950    2401    3933    5324   18823 
> by(diamonds$price,diamonds$cut,mean)
diamonds$cut: Fair
[1] 4358.758
------------------------------------------------------------------------------------------ 
diamonds$cut: Good
[1] 3928.864
------------------------------------------------------------------------------------------ 
diamonds$cut: Very Good
[1] 3981.76
------------------------------------------------------------------------------------------ 
diamonds$cut: Premium
[1] 4584.258
------------------------------------------------------------------------------------------ 
diamonds$cut: Ideal
[1] 3457.542
> # 문제 1 : mtcars 히스토그램, 줄기 잎 그림, 선그래프, 산점도
> # 문제2 : iris 관측치 표시, 요약, 평균, 중위수, 표준편차, 분산, 1사분위수, 3사분위수, 최대값, 최소값
> data(mtcars)
> #1-1.히스토그램
> str(mtcars)
'data.frame':	32 obs. of  11 variables:
 $ mpg : num  21 21 22.8 21.4 18.7 18.1 14.3 24.4 22.8 19.2 ...
 $ cyl : num  6 6 4 6 8 6 8 4 4 6 ...
 $ disp: num  160 160 108 258 360 ...
 $ hp  : num  110 110 93 110 175 105 245 62 95 123 ...
 $ drat: num  3.9 3.9 3.85 3.08 3.15 2.76 3.21 3.69 3.92 3.92 ...
 $ wt  : num  2.62 2.88 2.32 3.21 3.44 ...
 $ qsec: num  16.5 17 18.6 19.4 17 ...
 $ vs  : num  0 0 1 1 0 1 0 1 1 1 ...
 $ am  : num  1 1 1 0 0 0 0 0 0 0 ...
 $ gear: num  4 4 4 3 3 3 3 4 4 4 ...
 $ carb: num  4 4 1 1 2 1 4 2 2 4 ...
> hist(mtcars$mpg)
> setwd("C:/DEV/Rworkspaces/Day_20200116")
> png(file="C:/DEV/Rworkspaces/Day_20200116/mtcars_hist.png")
> hist(mtcars$mpg)
> dev.off()
RStudioGD 
        2 
> png(file="C:/DEV/Rworkspaces/Day_20200116/mtcars_stem.png")
> stem(mtcars$mpg)

  The decimal point is at the |

  10 | 44
  12 | 3
  14 | 3702258
  16 | 438
  18 | 17227
  20 | 00445
  22 | 88
  24 | 4
  26 | 03
  28 | 
  30 | 44
  32 | 49

> dev.off()
RStudioGD 
        2 
> library(ggplot2)
> str(BOD)
'data.frame':	6 obs. of  2 variables:
 $ Time  : num  1 2 3 4 5 7
 $ demand: num  8.3 10.3 19 16 15.6 19.8
 - attr(*, "reference")= chr "A1.4, p. 270"
> ggplot(BOD, aes(x=BOD$Time, y=BOD$demand)) + geom_line()
> png(file="C:/DEV/Rworkspaces/Day_20200116/BOD_line.png")
> ggplot(BOD, aes(x=BOD$Time, y=BOD$demand)) + geom_line()
> dev.off()
RStudioGD 
        2 
> png(file="C:/DEV/Rworkspaces/Day_20200116/BOD_scatter.png")
> ggplot(mtcars, aes(x=mtcars$hp, y=mtcars$wt)) + geom_point()
> dev.off()
RStudioGD 
        2 
> #문제 2 답
> data("iris")
> head(iris, 7)
  Sepal.Length Sepal.Width Petal.Length Petal.Width Species
1          5.1         3.5          1.4         0.2  setosa
2          4.9         3.0          1.4         0.2  setosa
3          4.7         3.2          1.3         0.2  setosa
4          4.6         3.1          1.5         0.2  setosa
5          5.0         3.6          1.4         0.2  setosa
6          5.4         3.9          1.7         0.4  setosa
7          4.6         3.4          1.4         0.3  setosa
> summary(iris)
  Sepal.Length    Sepal.Width     Petal.Length    Petal.Width   
 Min.   :4.300   Min.   :2.000   Min.   :1.000   Min.   :0.100  
 1st Qu.:5.100   1st Qu.:2.800   1st Qu.:1.600   1st Qu.:0.300  
 Median :5.800   Median :3.000   Median :4.350   Median :1.300  
 Mean   :5.843   Mean   :3.057   Mean   :3.758   Mean   :1.199  
 3rd Qu.:6.400   3rd Qu.:3.300   3rd Qu.:5.100   3rd Qu.:1.800  
 Max.   :7.900   Max.   :4.400   Max.   :6.900   Max.   :2.500  
       Species  
 setosa    :50  
 versicolor:50  
 virginica :50  
                
                
                
> mean(iris$Petal.Width)
[1] 1.199333
> median(iris$Sepal.Length)
[1] 5.8
> sd(iris$Sepal.Length)
[1] 0.8280661
> var(iris$Sepal.Length)
[1] 0.6856935
> quantile(iris$Sepal.Length, 1/4)
25% 
5.1 
> max(iris$Sepal.Length)
[1] 7.9
> min(iris$Sepal.Length)
[1] 4.3
> # 3. 질적 분석
> data(survey)
경고메시지(들): 
In data(survey) : 데이터셋 ‘survey’을 찾을 수 없습니다
> library(MASS)
> data(survey)
> #3-1. 도수분포표
> str(survey)
'data.frame':	237 obs. of  12 variables:
 $ Sex   : Factor w/ 2 levels "Female","Male": 1 2 2 2 2 1 2 1 2 2 ...
 $ Wr.Hnd: num  18.5 19.5 18 18.8 20 18 17.7 17 20 18.5 ...
 $ NW.Hnd: num  18 20.5 13.3 18.9 20 17.7 17.7 17.3 19.5 18.5 ...
 $ W.Hnd : Factor w/ 2 levels "Left","Right": 2 1 2 2 2 2 2 2 2 2 ...
 $ Fold  : Factor w/ 3 levels "L on R","Neither",..: 3 3 1 3 2 1 1 3 3 3 ...
 $ Pulse : int  92 104 87 NA 35 64 83 74 72 90 ...
 $ Clap  : Factor w/ 3 levels "Left","Neither",..: 1 1 2 2 3 3 3 3 3 3 ...
 $ Exer  : Factor w/ 3 levels "Freq","None",..: 3 2 2 2 3 3 1 1 3 3 ...
 $ Smoke : Factor w/ 4 levels "Heavy","Never",..: 2 4 3 2 2 2 2 2 2 2 ...
 $ Height: num  173 178 NA 160 165 ...
 $ M.I   : Factor w/ 2 levels "Imperial","Metric": 2 1 NA 2 2 1 1 2 2 2 ...
 $ Age   : num  18.2 17.6 16.9 20.3 23.7 ...
> table(survey$Smoke)

Heavy Never Occas Regul 
   11   189    19    17 
> #원그래프
> png(file="C:/DEV/Rworkspaces/Day_20200116/BOD_scatter.png")
> ggplot(mtcars, aes(x=mtcars$hp, y=mtcars$wt)) + geom_point()
> dev.off()
RStudioGD 
        2 
> png(file="C:/DEV/Rworkspaces/Day_20200116/survey_pie.png")
> pie(table(survey$Smoke))
> dev.off()
RStudioGD 
        2 
> #막대 그래프
> png(file="C:/DEV/Rworkspaces/Day_20200116/survey_bar.png")
> barplot(table(survey$Smoke))
> dev.off()
RStudioGD 
        2 
> 